Raw Puhti output — job 35390609, `bash submit_puhti.sh Results_verify` analyze step.
Re-pasted verbatim by user on 2026-07-08 via `cat logs/fbcsp_analyze_35390609.out`,
replacing an earlier, less accurate transcription of this same file that had been
reconstructed from a compacted conversation summary and incorrectly included a
fabricated "INT8" column that does not exist in the real script output (there is no
INT8 column in analyze_results.py's printed table at all — only CSP-8b/6b/4b PTQ
columns). See ANALYSIS.md and BAND_SELECTION_FINDING.md for the investigation this
data was used in.

==============================================
  FBCSP-SNN Cross-Subject Analysis
  RESULTS_DIR: Results_verify
  Node:        r03c12.bullx
  Start:       Tue Jul  7 23:09:44 EEST 2026
==============================================

Cross-Subject Accuracy — FBCSP-SNN (BNCI2014_001)
--------------------------------------------------------------------------------------
Subject         FP32 (%)    CSP-8b    CSP-6b    CSP-4b     LDA (%)     SVM (%)   Folds
--------------------------------------------------------------------------------------
S1              83.2±1.1      83.3      82.9      81.2    79.9±2.1    76.0±1.7       5
S2              49.9±2.6      49.4      49.7      49.2    44.1±3.8    39.6±4.9       5
S3              75.3±3.0      75.7      75.9      74.7    72.6±2.3    73.9±1.3       5
S4              62.6±1.3      62.8      62.3      62.9    58.5±3.3    60.0±3.4       5
S5              47.1±3.7      46.9      47.5      46.7    41.0±4.0    36.8±1.5       5
S6              49.4±5.3      49.3      49.3      50.3    46.9±2.2    46.5±3.3       5
S7              67.5±4.4      67.3      67.6      64.1    80.0±2.5    67.6±4.3       5
S8              78.7±3.4      78.9      78.8      78.3    75.6±2.5    70.4±3.2       5
S9              80.2±1.9      79.9      79.9      80.0    46.8±3.9    62.7±7.8       5
--------------------------------------------------------------------------------------
MEAN           66.0±13.6      65.9      66.0      65.3        60.6        59.3      45
--------------------------------------------------------------------------------------
  Baseline target : 64.8% (FP32, static bands, 22 CSP comps)
  Target          : 70.0%+
  SNN FP32        : +1.2 pp vs baseline
  PTQ-CSP drop    : 8-bit +0.05pp  |  6-bit -0.02pp  |  4-bit +0.70pp
  LDA vs baseline : -4.2 pp
  SVM vs baseline : -5.5 pp

Bar chart saved: Results_verify/cross_subject_accuracy.png

==============================================
  RESULTS SUMMARY  (Results_verify)
==============================================
  Subj      FP32   CSP-8b   CSP-6b   CSP-4b     LDA     SVM   N
  --------------------------------------------------------------
  S1       83.2%     83.3%     82.9%     81.2%    79.9%    76.0%    5
  S2       49.9%     49.4%     49.7%     49.2%    44.1%    39.6%    5
  S3       75.3%     75.7%     75.9%     74.7%    72.6%    73.9%    5
  S4       62.6%     62.8%     62.3%     62.9%    58.5%    60.0%    5
  S5       47.1%     46.9%     47.5%     46.7%    41.0%    36.8%    5
  S6       49.4%     49.3%     49.3%     50.3%    46.9%    46.5%    5
  S7       67.5%     67.3%     67.6%     64.1%    80.0%    67.6%    5
  S8       78.8%     78.9%     78.8%     78.3%    75.6%    70.4%    5
  S9       80.2%     79.9%     79.9%     80.0%    46.8%    62.7%    5
  --------------------------------------------------------------
  MEAN     66.0%     65.9%     66.0%     65.3%    60.6%    59.3%

  SNN FP32: 4.0pp below target (70%)
  PTQ drop:  8-bit +0.05pp  |  6-bit -0.02pp  |  4-bit +0.70pp

Results saved in /scratch/project_2003397/praveen/fbcsp-snn-mi-classifier-1/Results_verify/
End: Tue Jul  7 23:09:48 EEST 2026

NOTE: S8 FP32 shows 78.7±3.4 in the first table but 78.8% (bare) in the second
"RESULTS SUMMARY" table — a trivial internal rounding inconsistency in
analyze_results.py's own two print paths (0.1pp), not a discrepancy introduced
during logging. Not investigated further.

STILL MISSING for Table III: per-subject INT8 accuracy. Not printed by
analyze_results.py's table (unclear why — `test_acc_int8` is a real column in
each Subject's summary.csv, just not surfaced in this print function). Needs a
direct pull from each summary.csv's mean row.
