==============================================
  FBCSP-SNN Cross-Subject Analysis
  RESULTS_DIR: Results_schirrmeister_verify
  Node:        r03c42.bullx
  Start:       Sat Jul 11 19:55:51 EEST 2026
==============================================

Cross-Subject Accuracy — FBCSP-SNN (BNCI2014_001)
--------------------------------------------------------------------------------------
Subject         FP32 (%)    CSP-8b    CSP-6b    CSP-4b     LDA (%)     SVM (%)   Folds
--------------------------------------------------------------------------------------
S1              65.0±2.9      64.6      65.4      62.3    64.0±2.8    62.7±4.0       5
S2              53.6±2.5      53.4      53.1      54.7    68.0±1.7    61.5±3.2       5
S3              81.9±3.9      81.5      81.1      78.9    91.2±1.8    90.8±1.9       5
S4              77.5±2.2      77.7      77.6      77.0    81.5±2.4    82.5±2.0       5
S5              64.0±2.8      64.7      63.8      58.8    76.7±1.9    75.5±3.9       5
S6              71.5±3.2      71.1      71.1      70.2    72.9±2.3    75.0±2.1       5
S7              52.2±1.8      52.3      52.9      50.7    62.2±2.7    60.6±4.4       5
S8              63.7±6.2      63.8      63.9      61.8    76.3±2.6    74.5±1.6       5
S9              48.9±1.0      49.1      48.3      46.7    55.2±2.6    58.2±2.5       5
S10             68.9±6.3      68.1      67.4      65.8    78.8±4.0    78.7±4.5       5
S11             59.3±4.2      58.8      58.8      57.9    59.2±1.8    57.3±3.1       5
S12             70.8±5.5      70.7      69.0      66.9    82.6±1.6    80.7±0.9       5
S13             60.2±2.1      60.1      60.1      57.6    71.5±3.8    66.5±1.9       5
S14             43.6±1.8      44.3      43.9      42.7    71.9±3.8    70.6±2.2       5
--------------------------------------------------------------------------------------
MEAN           62.9±10.5      62.9      62.6      60.9        72.3        71.1      70
--------------------------------------------------------------------------------------
  Baseline target : 64.8% (FP32, static bands, 22 CSP comps)
  Target          : 70.0%+
  SNN FP32        : -1.9 pp vs baseline
  PTQ-CSP drop    : 8-bit +0.07pp  |  6-bit +0.34pp  |  4-bit +2.09pp
  LDA vs baseline : +7.5 pp
  SVM vs baseline : +6.3 pp

Bar chart saved: Results_schirrmeister_verify/cross_subject_accuracy.png

==============================================
  RESULTS SUMMARY  (Results_schirrmeister_verify)
==============================================
  Subj      FP32   CSP-8b   CSP-6b   CSP-4b     LDA     SVM   N
  --------------------------------------------------------------
  S1       65.0%     64.6%     65.4%     62.3%    64.0%    62.7%    5
  S2       53.6%     53.4%     53.1%     54.7%    68.0%    61.5%    5
  S3       81.9%     81.5%     81.1%     78.9%    91.2%    90.8%    5
  S4       77.5%     77.7%     77.6%     77.0%    81.5%    82.5%    5
  S5       64.0%     64.7%     63.8%     58.8%    76.7%    75.5%    5
  S6       71.5%     71.1%     71.1%     70.2%    72.9%    75.0%    5
  S7       52.2%     52.3%     52.9%     50.7%    62.2%    60.6%    5
  S8       63.7%     63.8%     63.9%     61.8%    76.3%    74.5%    5
  S9       48.9%     49.1%     48.3%     46.7%    55.2%    58.2%    5
  S10      68.9%     68.1%     67.4%     65.8%    78.8%    78.7%    5
  S11      59.3%     58.8%     58.8%     57.9%    59.2%    57.3%    5
  S12      70.8%     70.7%     69.0%     66.9%    82.6%    80.7%    5
  S13      60.2%     60.1%     60.1%     57.6%    71.5%    66.5%    5
  S14      43.6%     44.3%     43.9%     42.7%    71.9%    70.6%    5
  --------------------------------------------------------------
  MEAN     62.9%     62.9%     62.6%     60.9%    72.3%    71.1%

  SNN FP32: 7.1pp below target (70%)
  PTQ drop:  8-bit +0.07pp  |  6-bit +0.34pp  |  4-bit +2.09pp

Results saved in /scratch/project_2003397/praveen/fbcsp-snn-mi-classifier-1/Results_schirrmeister_verify/
End: Sat Jul 11 19:56:12 EEST 2026
